Windows fatal exception: code 0xc0000139

Thread 0x00004708 (most recent call first):
  File "<frozen importlib._bootstrap>", line 488 in _call_with_frames_removed
  File "<frozen importlib._bootstrap_external>", line 1289 in create_module
  File "<frozen importlib._bootstrap>", line 813 in module_from_spec
  File "<frozen importlib._bootstrap>", line 921 in _load_unlocked
  File "<frozen importlib._bootstrap>", line 1331 in _find_and_load_unlocked
  File "<frozen importlib._bootstrap>", line 1360 in _find_and_load
  File "<frozen importlib._bootstrap>", line 488 in _call_with_frames_removed
  File "<frozen importlib._bootstrap>", line 1415 in _handle_fromlist
  File "C:\Users\diete\Repositories\Golf_Modeling_Suite\engines\physics_engines\mujoco\python\mujoco_humanoid_golf\advanced_gui.py", line 17 in <module>
  File "<frozen importlib._bootstrap>", line 488 in _call_with_frames_removed
  File "<frozen importlib._bootstrap_external>", line 995 in exec_module
  File "<frozen importlib._bootstrap>", line 935 in _load_unlocked
  File "<frozen importlib._bootstrap>", line 1331 in _find_and_load_unlocked
  File "<frozen importlib._bootstrap>", line 1360 in _find_and_load
  File "<frozen importlib._bootstrap>", line 488 in _call_with_frames_removed
  File "<frozen importlib._bootstrap>", line 1415 in _handle_fromlist
  File "C:\Users\diete\Repositories\Golf_Modeling_Suite\engines\physics_engines\mujoco\python\mujoco_humanoid_golf\__init__.py", line 64 in <module>
  File "<frozen importlib._bootstrap>", line 488 in _call_with_frames_removed
  File "<frozen importlib._bootstrap_external>", line 995 in exec_module
  File "<frozen importlib._bootstrap>", line 935 in _load_unlocked
  File "<frozen importlib._bootstrap>", line 1331 in _find_and_load_unlocked
  File "<frozen importlib._bootstrap>", line 1360 in _find_and_load
  File "<frozen importlib._bootstrap>", line 488 in _call_with_frames_removed
  File "<frozen importlib._bootstrap>", line 1310 in _find_and_load_unlocked
  File "<frozen importlib._bootstrap>", line 1360 in _find_and_load
  File "C:\Users\diete\Repositories\Golf_Modeling_Suite\tests\integration\test_cross_engine_consistency.py", line 12 in <module>
  File "C:\Users\diete\AppData\Roaming\Python\Python312\site-packages\_pytest\assertion\rewrite.py", line 178 in exec_module
  File "<frozen importlib._bootstrap>", line 935 in _load_unlocked
  File "<frozen importlib._bootstrap>", line 1331 in _find_and_load_unlocked
  File "<frozen importlib._bootstrap>", line 1360 in _find_and_load
  File "<frozen importlib._bootstrap>", line 1387 in _gcd_import
  File "C:\ProgramData\Anaconda3\Lib\importlib\__init__.py", line 90 in import_module
  File "C:\Users\diete\AppData\Roaming\Python\Python312\site-packages\_pytest\pathlib.py", line 591 in import_path
  File "C:\Users\diete\AppData\Roaming\Python\Python312\site-packages\_pytest\python.py", line 487 in importtestmodule
  File "C:\Users\diete\AppData\Roaming\Python\Python312\site-packages\_pytest\python.py", line 540 in _getobj
  File "C:\Users\diete\AppData\Roaming\Python\Python312\site-packages\_pytest\python.py", line 282 in obj
  File "C:\Users\diete\AppData\Roaming\Python\Python312\site-packages\_pytest\python.py", line 556 in _register_setup_module_fixture
  File "C:\Users\diete\AppData\Roaming\Python\Python312\site-packages\_pytest\python.py", line 543 in collect
  File "C:\Users\diete\AppData\Roaming\Python\Python312\site-packages\_pytest\runner.py", line 389 in collect
  File "C:\Users\diete\AppData\Roaming\Python\Python312\site-packages\_pytest\runner.py", line 341 in from_call
  File "C:\Users\diete\AppData\Roaming\Python\Python312\site-packages\_pytest\runner.py", line 391 in pytest_make_collect_report
  File "C:\Users\diete\AppData\Roaming\Python\Python312\site-packages\pluggy\_callers.py", line 121 in _multicall
  File "C:\Users\diete\AppData\Roaming\Python\Python312\site-packages\pluggy\_manager.py", line 120 in _hookexec
  File "C:\Users\diete\AppData\Roaming\Python\Python312\site-packages\pluggy\_hooks.py", line 512 in __call__
  File "C:\Users\diete\AppData\Roaming\Python\Python312\site-packages\_pytest\runner.py", line 565 in collect_one_node
  File "C:\Users\diete\AppData\Roaming\Python\Python312\site-packages\_pytest\main.py", line 837 in _collect_one_node
  File "C:\Users\diete\AppData\Roaming\Python\Python312\site-packages\_pytest\main.py", line 974 in genitems
  File "C:\Users\diete\AppData\Roaming\Python\Python312\site-packages\_pytest\main.py", line 811 in perform_collect
  File "C:\Users\diete\AppData\Roaming\Python\Python312\site-packages\_pytest\main.py", line 349 in pytest_collection
  File "C:\Users\diete\AppData\Roaming\Python\Python312\site-packages\pluggy\_callers.py", line 121 in _multicall
  File "C:\Users\diete\AppData\Roaming\Python\Python312\site-packages\pluggy\_manager.py", line 120 in _hookexec
  File "C:\Users\diete\AppData\Roaming\Python\Python312\site-packages\pluggy\_hooks.py", line 512 in __call__
  File "C:\Users\diete\AppData\Roaming\Python\Python312\site-packages\_pytest\main.py", line 338 in _main
  File "C:\Users\diete\AppData\Roaming\Python\Python312\site-packages\_pytest\main.py", line 285 in wrap_session
  File "C:\Users\diete\AppData\Roaming\Python\Python312\site-packages\_pytest\main.py", line 332 in pytest_cmdline_main
  File "C:\Users\diete\AppData\Roaming\Python\Python312\site-packages\pluggy\_callers.py", line 121 in _multicall
  File "C:\Users\diete\AppData\Roaming\Python\Python312\site-packages\pluggy\_manager.py", line 120 in _hookexec
  File "C:\Users\diete\AppData\Roaming\Python\Python312\site-packages\pluggy\_hooks.py", line 512 in __call__
  File "C:\Users\diete\AppData\Roaming\Python\Python312\site-packages\_pytest\config\__init__.py", line 178 in main
  File "C:\Users\diete\AppData\Roaming\Python\Python312\site-packages\_pytest\config\__init__.py", line 206 in console_main
  File "C:\ProgramData\Anaconda3\Scripts\pytest-script.py", line 10 in <module>
============================= test session starts =============================
platform win32 -- Python 3.12.7, pytest-8.2.0, pluggy-1.6.0
rootdir: C:\Users\diete\Repositories\Golf_Modeling_Suite
configfile: pyproject.toml
plugins: cov-7.0.0, mock-3.15.1, anyio-4.2.0
collected 0 items / 1 error

=================================== ERRORS ====================================
_____ ERROR collecting tests/integration/test_cross_engine_consistency.py _____
ImportError while importing test module 'C:\Users\diete\Repositories\Golf_Modeling_Suite\tests\integration\test_cross_engine_consistency.py'.
Hint: make sure your test modules/packages have valid Python names.
Traceback:
C:\ProgramData\Anaconda3\Lib\importlib\__init__.py:90: in import_module
    return _bootstrap._gcd_import(name[level:], package, level)
tests\integration\test_cross_engine_consistency.py:12: in <module>
    from engines.physics_engines.mujoco.python.mujoco_humanoid_golf.physics_engine import (
engines\physics_engines\mujoco\python\mujoco_humanoid_golf\physics_engine.py:10: in <module>
    from .interfaces import PhysicsEngine
E   ModuleNotFoundError: No module named 'engines.physics_engines.mujoco.python.mujoco_humanoid_golf.interfaces'
============================== warnings summary ===============================
..\..\AppData\Roaming\Python\Python312\site-packages\matplotlib\_fontconfig_pattern.py:64
  C:\Users\diete\AppData\Roaming\Python\Python312\site-packages\matplotlib\_fontconfig_pattern.py:64: DeprecationWarning: 'oneOf' deprecated - use 'one_of'
    prop = Group((name + Suppress("=") + comma_separated(value)) | oneOf(_CONSTANTS))

..\..\AppData\Roaming\Python\Python312\site-packages\matplotlib\_fontconfig_pattern.py:85
..\..\AppData\Roaming\Python\Python312\site-packages\matplotlib\_fontconfig_pattern.py:85
..\..\AppData\Roaming\Python\Python312\site-packages\matplotlib\_fontconfig_pattern.py:85
..\..\AppData\Roaming\Python\Python312\site-packages\matplotlib\_fontconfig_pattern.py:85
..\..\AppData\Roaming\Python\Python312\site-packages\matplotlib\_fontconfig_pattern.py:85
..\..\AppData\Roaming\Python\Python312\site-packages\matplotlib\_fontconfig_pattern.py:85
  C:\Users\diete\AppData\Roaming\Python\Python312\site-packages\matplotlib\_fontconfig_pattern.py:85: DeprecationWarning: 'parseString' deprecated - use 'parse_string'
    parse = parser.parseString(pattern)

..\..\AppData\Roaming\Python\Python312\site-packages\matplotlib\_fontconfig_pattern.py:89
..\..\AppData\Roaming\Python\Python312\site-packages\matplotlib\_fontconfig_pattern.py:89
..\..\AppData\Roaming\Python\Python312\site-packages\matplotlib\_fontconfig_pattern.py:89
..\..\AppData\Roaming\Python\Python312\site-packages\matplotlib\_fontconfig_pattern.py:89
..\..\AppData\Roaming\Python\Python312\site-packages\matplotlib\_fontconfig_pattern.py:89
..\..\AppData\Roaming\Python\Python312\site-packages\matplotlib\_fontconfig_pattern.py:89
  C:\Users\diete\AppData\Roaming\Python\Python312\site-packages\matplotlib\_fontconfig_pattern.py:89: DeprecationWarning: 'resetCache' deprecated - use 'reset_cache'
    parser.resetCache()

..\..\AppData\Roaming\Python\Python312\site-packages\matplotlib\_mathtext.py:45
  C:\Users\diete\AppData\Roaming\Python\Python312\site-packages\matplotlib\_mathtext.py:45: DeprecationWarning: 'enablePackrat' deprecated - use 'enable_packrat'
    ParserElement.enablePackrat()

-- Docs: https://docs.pytest.org/en/stable/how-to/capture-warnings.html
=========================== short test summary info ===========================
ERROR tests/integration/test_cross_engine_consistency.py
!!!!!!!!!!!!!!!!!!! Interrupted: 1 error during collection !!!!!!!!!!!!!!!!!!!!
======================== 14 warnings, 1 error in 9.49s ========================
